this input is not sql query or sqly helper command: bad argument