filesql query: SQL logic error: no such table: not_exist_table (1)