not support file format: testdata/sample.not_support