[Usage]
  .mode OUTPUT_MODE   ※ current mode=table
[Output mode list]
  table
  markdown
  csv
  tsv
  ltsv
  excel ※ active only when executing .dump, otherwise same as csv mode
