there is no table. use .import for importing file
