not support data definition language: CREATE, DROP, ALTER, REINDEX
