user_name:booker12	identifier:1	first_name:Rachel	last_name:Booker
user_name:jenkins46	identifier:2	first_name:Mary	last_name:Jenkins
user_name:smith79	identifier:3	first_name:Jamie	last_name:Smith
