user_name,position
booker12,developrt
jenkins46,manager
smith79,neet
